============================= test session starts =============================
platform win32 -- Python 3.11.9, pytest-9.0.2, pluggy-1.6.0
rootdir: C:\KOR-TANA\kortana\backend
configfile: pytest.ini
plugins: anyio-4.12.1, asyncio-1.3.0, cov-7.0.0, env-1.6.0, mock-3.15.1, xdist-3.8.0
asyncio: mode=Mode.AUTO, debug=False, asyncio_default_fixture_loop_scope=None, asyncio_default_test_loop_scope=function
collected 715 items

tests\integration\test_autonomous_systems.py ..FF.F...FF..               [  1%]
tests\integration\test_full_system.py ....                               [  2%]
tests\test_ai_orchestrator.py ....                                       [  2%]
tests\test_always_on.py .........................................        [  8%]
tests\test_always_on_monitor.py .....F...F...........                    [ 11%]
tests\test_auth.py .............                                         [ 13%]
tests\test_auth_extended.py ..............                               [ 15%]
tests\test_auth_router.py ........................                       [ 18%]
tests\test_autonomy.py FFFF............F..........FF..............       [ 24%]
tests\test_billing.py ..............................                     [ 28%]
tests\test_cache.py ................................................     [ 35%]
tests\test_code_reviewer.py ........F....FF...........                   [ 39%]
tests\test_config_security.py ....                                       [ 39%]
tests\test_exceptions.py .......................                         [ 43%]
